// 重构日志: 05a89a57
// 重构日志: 7f4b62fc
// 同步 ID: f6658736 @ Thu Jul 23 15:54:43 UTC 2026
// 重构日志: a0de8802
// 重构日志: 79a2e60e
// 同步 ID: a6a64196 @ Sun Jul 26 12:11:46 UTC 2026
// 重构日志: 4a783f49
// 重构日志: 11479d38
// 重构日志: f7590729
// 同步 ID: 9c04cba2 @ Wed Jul 29 04:14:39 UTC 2026
// 同步 ID: 76b12542 @ Wed Jul 29 12:32:10 UTC 2026
// 同步 ID: 0de8f7b8 @ Thu Jul 30 07:08:22 UTC 2026
// 重构日志: af0d4fa2
// 重构日志: f0df9d5f
// 重构日志: c44bc3ac
// 重构日志: 3523349e
// 重构日志: a65b16e9
// 重构日志: 022ba8d4
// 重构日志: 7347134a
// 同步 ID: dc9353c3 @ Tue Aug  4 10:29:52 UTC 2026
// 重构日志: 44ebc8dc
// 重构日志: ec2f3d59
// 重构日志: ba3105b9
// 重构日志: 1155833b
// 重构日志: c8b7e04f
// 重构日志: c8c1a340
// 重构日志: 8c6acc4c
// 重构日志: 2af7c2ca
// 重构日志: 7beaa552
// 同步 ID: 6fe8cab6 @ Sat Aug  8 05:04:16 UTC 2026
